Welcome to the MySQL monitor.  Commands end with ; or \g.
Your MySQL connection id is 15506
Server version: 5.0.51-1 (Debian)

Type 'help;' or '\h' for help. Type '\c' to clear the buffer.

mysql> use freekbs;
Reading table information for completion of table and column names
You can turn off this feature to get a quicker startup with -A

Database changed
mysql> show tables;
+-------------------+
| Tables_in_freekbs |
+-------------------+
| arguments         | 
| tuples            | 
+-------------------+
2 rows in set (0.01 sec)

mysql> select tuple.ID from tuples tuple where tuple.Context = 'default' and tuple.ID = ANY (select t0.TupleID from arguments t0, arguments t1 where t0.KeyID = 0 and t0.Value = 'skipped' and t1.KeyID = 1 and t1.Value = '100336' and t0.TupleID = t1.TupleID);
+------+
| ID   |
+------+
| 1360 | 
+------+
1 row in set (0.00 sec)

mysql> 
+------+
| ID   |
+------+
| 1360 | 
+------+
1 row in set (0.01 sec)

mysql> 
Empty set (3.82 sec)

mysql> explain select tuple.ID from tuples tuple where tuple.Context = 'default' and tuple.ID = ANY (select t0.TupleID from arguments t0, arguments t1 where t0.KeyID = 0 and t0.Value = 'skipped' and t1.KeyID = 1 and t1.Value = '1003532' and t0.TupleID = t1.TupleID);
+----+--------------------+-------+------+---------------+------+---------+------+------+-------------+
| id | select_type        | table | type | possible_keys | key  | key_len | ref  | rows | Extra       |
+----+--------------------+-------+------+---------------+------+---------+------+------+-------------+
|  1 | PRIMARY            | tuple | ALL  | NULL          | NULL | NULL    | NULL | 1133 | Using where | 
|  2 | DEPENDENT SUBQUERY | t0    | ALL  | NULL          | NULL | NULL    | NULL | 2991 | Using where | 
|  2 | DEPENDENT SUBQUERY | t1    | ALL  | NULL          | NULL | NULL    | NULL | 2991 | Using where | 
+----+--------------------+-------+------+---------------+------+---------+------+------+-------------+
3 rows in set (0.03 sec)

mysql> show indexes from tuples;
+--------+------------+----------+--------------+-------------+-----------+-------------+----------+--------+------+------------+---------+
| Table  | Non_unique | Key_name | Seq_in_index | Column_name | Collation | Cardinality | Sub_part | Packed | Null | Index_type | Comment |
+--------+------------+----------+--------------+-------------+-----------+-------------+----------+--------+------+------------+---------+
| tuples |          0 | PRIMARY  |            1 | ID          | A         |        1133 |     NULL | NULL   |      | BTREE      |         | 
+--------+------------+----------+--------------+-------------+-----------+-------------+----------+--------+------+------------+---------+
1 row in set (0.02 sec)

mysql> show indexes from arguments;
+-----------+------------+----------+--------------+-------------+-----------+-------------+----------+--------+------+------------+---------+
| Table     | Non_unique | Key_name | Seq_in_index | Column_name | Collation | Cardinality | Sub_part | Packed | Null | Index_type | Comment |
+-----------+------------+----------+--------------+-------------+-----------+-------------+----------+--------+------+------------+---------+
| arguments |          0 | PRIMARY  |            1 | ID          | A         |        2991 |     NULL | NULL   |      | BTREE      |         | 
+-----------+------------+----------+--------------+-------------+-----------+-------------+----------+--------+------+------------+---------+
1 row in set (0.01 sec)

mysql> show create table tuples;
+--------+------------------------------------------------------------------------------------------------------------------------------------------------------------------------------------------------------------------------------------+
| Table  | Create Table                                                                                                                                                                                                                       |
+--------+------------------------------------------------------------------------------------------------------------------------------------------------------------------------------------------------------------------------------------+
| tuples | CREATE TABLE `tuples` (
  `ID` int(11) NOT NULL auto_increment,
  `Arity` int(11) default NULL,
  `Context` blob,
  `Date` datetime default NULL,
  PRIMARY KEY  (`ID`)
) ENGINE=MyISAM AUTO_INCREMENT=1361 DEFAULT CHARSET=latin1 | 
+--------+------------------------------------------------------------------------------------------------------------------------------------------------------------------------------------------------------------------------------------+
1 row in set (0.01 sec)

mysql> show create table arguments;
+-----------+---------------------------------------------------------------------------------------------------------------------------------------------------------------------------------------------------------------------------------------+
| Table     | Create Table                                                                                                                                                                                                                          |
+-----------+---------------------------------------------------------------------------------------------------------------------------------------------------------------------------------------------------------------------------------------+
| arguments | CREATE TABLE `arguments` (
  `ID` int(11) NOT NULL auto_increment,
  `TupleID` int(11) default NULL,
  `KeyID` int(11) default NULL,
  `Value` blob,
  PRIMARY KEY  (`ID`)
) ENGINE=MyISAM AUTO_INCREMENT=3554 DEFAULT CHARSET=latin1 | 
+-----------+---------------------------------------------------------------------------------------------------------------------------------------------------------------------------------------------------------------------------------------+
1 row in set (0.00 sec)

mysql> select count distinct TupleID from arguments;
ERROR 1064 (42000): You have an error in your SQL syntax; check the manual that corresponds to your MySQL server version for the right syntax to use near 'distinct TupleID from arguments' at line 1
mysql> select count(distinct TupleID) from arguments;
+-------------------------+
| count(distinct TupleID) |
+-------------------------+
|                    1133 | 
+-------------------------+
1 row in set (0.02 sec)

mysql> select count(distinct KeyID) from arguments;
+-----------------------+
| count(distinct KeyID) |
+-----------------------+
|                     4 | 
+-----------------------+
1 row in set (0.03 sec)

mysql> select count(distinct keyID) from arguments;
+-----------------------+
| count(distinct keyID) |
+-----------------------+
|                     4 | 
+-----------------------+
1 row in set (0.01 sec)

mysql> 
    -> ;
+----+-------------+-------+------+---------------+------+---------+------+------+-------------+
| id | select_type | table | type | possible_keys | key  | key_len | ref  | rows | Extra       |
+----+-------------+-------+------+---------------+------+---------+------+------+-------------+
|  1 | SIMPLE      | t0    | ALL  | NULL          | NULL | NULL    | NULL | 2991 | Using where | 
|  1 | SIMPLE      | t1    | ALL  | NULL          | NULL | NULL    | NULL | 2991 | Using where | 
+----+-------------+-------+------+---------------+------+---------+------+------+-------------+
2 rows in set (0.01 sec)

mysql> create index argtupidx on arguments (TupleID);
Query OK, 2991 rows affected (0.25 sec)
Records: 2991  Duplicates: 0  Warnings: 0

mysql> explain select count(t0.TupleID) from arguments t0, arguments t1 where t0.KeyID = 0 and t0.Value = 'skipped' and t1.KeyID = 1 and t1.Value = '1003532' and t0.TupleID = t1.TupleID;
+----+-------------+-------+------+---------------+-----------+---------+--------------------+------+-------------+
| id | select_type | table | type | possible_keys | key       | key_len | ref                | rows | Extra       |
+----+-------------+-------+------+---------------+-----------+---------+--------------------+------+-------------+
|  1 | SIMPLE      | t0    | ALL  | argtupidx     | NULL      | NULL    | NULL               | 2991 | Using where | 
|  1 | SIMPLE      | t1    | ref  | argtupidx     | argtupidx | 5       | freekbs.t0.TupleID |    3 | Using where | 
+----+-------------+-------+------+---------------+-----------+---------+--------------------+------+-------------+
2 rows in set (0.00 sec)

mysql> select(version);
ERROR 1054 (42S22): Unknown column 'version' in 'field list'
mysql> select(Version);
ERROR 1054 (42S22): Unknown column 'Version' in 'field list'
mysql> select Version();
+-----------+
| Version() |
+-----------+
| 5.0.51-1  | 
+-----------+
1 row in set (0.01 sec)

mysql> select count(distinct Value) from arguments;
+-----------------------+
| count(distinct Value) |
+-----------------------+
|                  1026 | 
+-----------------------+
1 row in set (0.06 sec)

mysql> select tuple.ID from arguments t0 inner join arguments t1 on t0.TupleID = t1.TupleID inner join tuples tuple on t0.TupleID = tuple.ID where t0.KeyID = 0 and t0.Value = 'skipped' and t1.KeyID = 1 and t1.Value = '1003532' and tuple.Context = 'default' limit 1 ;
Empty set (0.02 sec)

mysql> explain select tuple.ID from arguments t0 inner join arguments t1 on t0.TupleID = t1.TupleID inner join tuples tuple on t0.TupleID = tuple.ID where t0.KeyID = 0 and t0.Value = 'skipped' and t1.KeyID = 1 and t1.Value = '1003532' and tuple.Context = 'default' limit 1 ;
+----+-------------+-------+--------+---------------+-----------+---------+--------------------+------+-------------+
| id | select_type | table | type   | possible_keys | key       | key_len | ref                | rows | Extra       |
+----+-------------+-------+--------+---------------+-----------+---------+--------------------+------+-------------+
|  1 | SIMPLE      | t1    | ALL    | argtupidx     | NULL      | NULL    | NULL               | 2991 | Using where | 
|  1 | SIMPLE      | t0    | ref    | argtupidx     | argtupidx | 5       | freekbs.t1.TupleID |    3 | Using where | 
|  1 | SIMPLE      | tuple | eq_ref | PRIMARY       | PRIMARY   | 4       | freekbs.t0.TupleID |    1 | Using where | 
+----+-------------+-------+--------+---------------+-----------+---------+--------------------+------+-------------+
3 rows in set (0.02 sec)

mysql> select tuple.ID from arguments t0 inner join arguments t1 on t0.TupleID = t1.TupleID inner join tuples tuple on t0.TupleID = tuple.ID where t0.KeyID = 0 and t0.Value = 'skipped' and t1.KeyID = 1 and t1.Value = '5328952' and tuple.Context = 'default' limit 1 ;
Empty set (0.01 sec)

mysql> select tuple.ID from arguments t0 inner join arguments t1 on t0.TupleID = t1.TupleID inner join tuples tuple on t0.TupleID = tuple.ID where t0.KeyID = 0 and t0.Value = 'skipped' and t1.KeyID = 1 and t1.Value = '3410' and tuple.Context = 'default' limit 1 ;
Empty set (0.03 sec)

mysql>  create index argvalidx on arguments (Value);
ERROR 1170 (42000): BLOB/TEXT column 'Value' used in key specification without a key length
mysql> 
mysql> 
mysql> create index argvalidx on arguments (Value);
ERROR 1170 (42000): BLOB/TEXT column 'Value' used in key specification without a key length
mysql> create index argvalidx on arguments (Value(50));
Query OK, 2991 rows affected (0.07 sec)
Records: 2991  Duplicates: 0  Warnings: 0

mysql> alter table tuples modify context text;
Query OK, 1133 rows affected (0.05 sec)
Records: 1133  Duplicates: 0  Warnings: 0

mysql> describe arguments;
+---------+---------+------+-----+---------+----------------+
| Field   | Type    | Null | Key | Default | Extra          |
+---------+---------+------+-----+---------+----------------+
| ID      | int(11) | NO   | PRI | NULL    | auto_increment | 
| TupleID | int(11) | YES  | MUL | NULL    |                | 
| KeyID   | int(11) | YES  |     | NULL    |                | 
| Value   | blob    | YES  | MUL | NULL    |                | 
+---------+---------+------+-----+---------+----------------+
4 rows in set (0.01 sec)

mysql> describe tuples;
+---------+----------+------+-----+---------+----------------+
| Field   | Type     | Null | Key | Default | Extra          |
+---------+----------+------+-----+---------+----------------+
| ID      | int(11)  | NO   | PRI | NULL    | auto_increment | 
| Arity   | int(11)  | YES  |     | NULL    |                | 
| context | text     | YES  |     | NULL    |                | 
| Date    | datetime | YES  |     | NULL    |                | 
+---------+----------+------+-----+---------+----------------+
4 rows in set (0.00 sec)

mysql> alter table tuples modify Context Text;
Query OK, 1133 rows affected (0.04 sec)
Records: 1133  Duplicates: 0  Warnings: 0

mysql> alter table arguments modify Value Text;
Query OK, 2991 rows affected (0.07 sec)
Records: 2991  Duplicates: 0  Warnings: 0

mysql> describe arguments;
+---------+---------+------+-----+---------+----------------+
| Field   | Type    | Null | Key | Default | Extra          |
+---------+---------+------+-----+---------+----------------+
| ID      | int(11) | NO   | PRI | NULL    | auto_increment | 
| TupleID | int(11) | YES  | MUL | NULL    |                | 
| KeyID   | int(11) | YES  |     | NULL    |                | 
| Value   | text    | YES  | MUL | NULL    |                | 
+---------+---------+------+-----+---------+----------------+
4 rows in set (0.01 sec)

mysql> k
    -> ;
ERROR 1064 (42000): You have an error in your SQL syntax; check the manual that corresponds to your MySQL server version for the right syntax to use near 'k' at line 1
mysql> explain select tuple.ID from arguments t0 inner join arguments t1 on t0.TupleID = t1.TupleID inner join tuples tuple on t0.TupleID = tuple.ID where t0.KeyID = 0 and t0.Value = 'skipped' and t1.KeyID = 1 and t1.Value = '1003532' and tuple.Context = 'default' limit 1 ;
+----+-------------+-------+--------+---------------------+-----------+---------+--------------------+------+-------------+
| id | select_type | table | type   | possible_keys       | key       | key_len | ref                | rows | Extra       |
+----+-------------+-------+--------+---------------------+-----------+---------+--------------------+------+-------------+
|  1 | SIMPLE      | t1    | ref    | argtupidx,argvalidx | argvalidx | 53      | const              |    1 | Using where | 
|  1 | SIMPLE      | t0    | ref    | argtupidx,argvalidx | argtupidx | 5       | freekbs.t1.TupleID |    3 | Using where | 
|  1 | SIMPLE      | tuple | eq_ref | PRIMARY             | PRIMARY   | 4       | freekbs.t0.TupleID |    1 | Using where | 
+----+-------------+-------+--------+---------------------+-----------+---------+--------------------+------+-------------+
3 rows in set (0.02 sec)

mysql> select tuple.ID from arguments t0 inner join arguments t1 on t0.TupleID = t1.TupleID inner join tuples tuple on t0.TupleID = tuple.ID where t0.KeyID = 0 and t0.Value = 'skipped' and t1.KeyID = 1 and t1.Value = '1003532' and tuple.Context = 'default';
Empty set (0.01 sec)

mysql> select tuple.ID from arguments t0 inner join arguments t1 on t0.TupleID = t1.TupleID inner join tuples tuple on t0.TupleID = tuple.ID where t0.KeyID = 0 and t0.Value = 'skipped' and t1.KeyID = 1 and t1.Value = '1003532' and tuple.Context = 'default';
Empty set (0.00 sec)

mysql> select tuple.ID from arguments t0 inner join arguments t1 on t0.TupleID = t1.TupleID inner join arguments t2 on t0.TupleID = t2.TupleID inner join tuples tuple on t0.TupleID = tuple.ID where t0.KeyID = 0 and t0.Value = 'due-date-for-entry' and t1.KeyID = 1 and t1.Value = '69362' and tuple.Context = 'default' limit 1 ;
+-----+
| ID  |
+-----+
| 937 | 
+-----+
1 row in set (0.01 sec)

mysql> select * from arguments where TupleID = 937'
    '> ;
    '>   C-c C-cAborted

Process SQL exited abnormally with code 1

Welcome to the MySQL monitor.  Commands end with ; or \g.
Your MySQL connection id is 15534
Server version: 5.0.51-1 (Debian)

Type 'help;' or '\h' for help. Type '\c' to clear the buffer.

mysql> use freekbs;
Reading table information for completion of table and column names
You can turn off this feature to get a quicker startup with -A

Database changed
mysql> select * from arguments where TupleID = 937;
+------+---------+-------+--------------------+
| ID   | TupleID | KeyID | Value              |
+------+---------+-------+--------------------+
| 2460 |     937 |     1 | 69362              | 
| 2459 |     937 |     0 | due-date-for-entry | 
| 2461 |     937 |     2 | 1 weeks            | 
+------+---------+-------+--------------------+
3 rows in set (0.01 sec)

mysql> 
+-----+
| ID  |
+-----+
| 937 | 
+-----+
1 row in set (0.00 sec)

mysql> select t0.TupleID from arguments t0 inner join  arguments t1 on t0.TupleID = t1.TupleID inner join  tuples tuple on t0.TupleID = tuple.ID where t0.KeyID = 0 and t0.Value = 'skipped' and t1.KeyID = 1 and t1.Value = '100362'
    -> ;
Empty set (0.01 sec)

mysql> select tuple.ID from tuples tuple;
+------+
| ID   |
+------+
|  149 | 
|  150 | 
|  151 | 
|  152 | 
|  153 | 
|  154 | 
|  155 | 
|  156 | 
|  157 | 
|  158 | 
|  159 | 
|  160 | 
|  161 | 
|  162 | 
|  163 | 
|  164 | 
|  165 | 
|  166 | 
|  167 | 
|  168 | 
|  169 | 
|  170 | 
|  171 | 
|  172 | 
|  173 | 
|  174 | 
|  175 | 
|  176 | 
|  177 | 
|  178 | 
|  179 | 
|  180 | 
|  181 | 
|  183 | 
|  184 | 
|  185 | 
|  186 | 
|  187 | 
|  188 | 
|  189 | 
|  191 | 
|  192 | 
|  193 | 
|  194 | 
|  195 | 
|  196 | 
|  197 | 
|  198 | 
|  199 | 
|  200 | 
|  201 | 
|  202 | 
|  203 | 
|  204 | 
|  207 | 
|  208 | 
|  209 | 
|  210 | 
|  211 | 
|  212 | 
|  213 | 
|  214 | 
|  215 | 
|  216 | 
|  217 | 
|  218 | 
|  219 | 
|  220 | 
|  221 | 
|  222 | 
|  223 | 
|  226 | 
|  227 | 
|  228 | 
|  229 | 
|  230 | 
|  231 | 
|  232 | 
|  233 | 
|  234 | 
|  235 | 
|  236 | 
|  239 | 
|  240 | 
|  241 | 
|  242 | 
|  243 | 
|  244 | 
|  245 | 
|  246 | 
|  247 | 
|  248 | 
|  249 | 
|  250 | 
|  251 | 
|  252 | 
|  253 | 
|  256 | 
|  257 | 
|  258 | 
|  259 | 
|  260 | 
|  261 | 
|  262 | 
|  263 | 
|  264 | 
|  265 | 
|  266 | 
|  267 | 
|  268 | 
|  269 | 
|  270 | 
|  271 | 
|  272 | 
|  273 | 
|  274 | 
|  275 | 
|  276 | 
|  277 | 
|  278 | 
|  279 | 
|  280 | 
|  281 | 
|  283 | 
|  284 | 
|  285 | 
|  286 | 
|  287 | 
|  288 | 
|  289 | 
|  290 | 
|  291 | 
|  292 | 
|  293 | 
|  294 | 
|  295 | 
|  296 | 
|  297 | 
|  298 | 
|  299 | 
|  300 | 
|  301 | 
|  303 | 
|  304 | 
|  305 | 
|  306 | 
|  307 | 
|  308 | 
|  309 | 
|  310 | 
|  311 | 
|  312 | 
|  313 | 
|  314 | 
|  315 | 
|  316 | 
|  317 | 
|  318 | 
|  319 | 
|  320 | 
|  321 | 
|  322 | 
|  323 | 
|  324 | 
|  325 | 
|  326 | 
|  327 | 
|  328 | 
|  329 | 
|  330 | 
|  331 | 
|  332 | 
|  333 | 
|  334 | 
|  335 | 
|  336 | 
|  337 | 
|  338 | 
|  339 | 
|  340 | 
|  341 | 
|  342 | 
|  343 | 
|  344 | 
|  345 | 
|  346 | 
|  347 | 
|  348 | 
|  349 | 
|  350 | 
|  351 | 
|  352 | 
|  353 | 
|  354 | 
|  355 | 
|  356 | 
|  357 | 
|  358 | 
|  359 | 
|  360 | 
|  361 | 
|  362 | 
|  363 | 
|  364 | 
|  365 | 
|  366 | 
|  367 | 
|  368 | 
|  369 | 
|  370 | 
|  371 | 
|  372 | 
|  373 | 
|  374 | 
|  375 | 
|  376 | 
|  377 | 
|  378 | 
|  379 | 
|  380 | 
|  381 | 
|  382 | 
|  383 | 
|  384 | 
|  385 | 
|  386 | 
|  387 | 
|  388 | 
|  389 | 
|  390 | 
|  391 | 
|  392 | 
|  393 | 
|  394 | 
|  395 | 
|  396 | 
|  397 | 
|  398 | 
|  399 | 
|  400 | 
|  401 | 
|  402 | 
|  403 | 
|  404 | 
|  405 | 
|  406 | 
|  407 | 
|  408 | 
|  409 | 
|  410 | 
|  411 | 
|  412 | 
|  413 | 
|  414 | 
|  415 | 
|  416 | 
|  417 | 
|  418 | 
|  419 | 
|  420 | 
|  421 | 
|  422 | 
|  423 | 
|  424 | 
|  425 | 
|  426 | 
|  427 | 
|  428 | 
|  429 | 
|  430 | 
|  431 | 
|  432 | 
|  433 | 
|  434 | 
|  435 | 
|  436 | 
|  437 | 
|  438 | 
|  439 | 
|  440 | 
|  441 | 
|  442 | 
|  443 | 
|  444 | 
|  445 | 
|  446 | 
|  447 | 
|  448 | 
|  449 | 
|  450 | 
|  451 | 
|  452 | 
|  453 | 
|  454 | 
|  455 | 
|  456 | 
|  457 | 
|  458 | 
|  459 | 
|  460 | 
|  461 | 
|  462 | 
|  463 | 
|  464 | 
|  465 | 
|  466 | 
|  467 | 
|  468 | 
|  469 | 
|  470 | 
|  471 | 
|  472 | 
|  473 | 
|  474 | 
|  475 | 
|  476 | 
|  477 | 
|  478 | 
|  479 | 
|  480 | 
|  481 | 
|  482 | 
|  483 | 
|  484 | 
|  485 | 
|  486 | 
|  487 | 
|  488 | 
|  489 | 
|  490 | 
|  491 | 
|  492 | 
|  493 | 
|  494 | 
|  495 | 
|  496 | 
|  497 | 
|  498 | 
|  499 | 
|  500 | 
|  501 | 
|  502 | 
|  503 | 
|  504 | 
|  505 | 
|  506 | 
|  507 | 
|  508 | 
|  509 | 
|  510 | 
|  511 | 
|  512 | 
|  513 | 
|  514 | 
|  515 | 
|  516 | 
|  517 | 
|  518 | 
|  519 | 
|  520 | 
|  521 | 
|  522 | 
|  523 | 
|  524 | 
|  525 | 
|  526 | 
|  527 | 
|  528 | 
|  529 | 
|  530 | 
|  531 | 
|  532 | 
|  533 | 
|  534 | 
|  535 | 
|  536 | 
|  537 | 
|  538 | 
|  539 | 
|  540 | 
|  541 | 
|  542 | 
|  543 | 
|  544 | 
|  545 | 
|  546 | 
|  547 | 
|  548 | 
|  549 | 
|  550 | 
|  551 | 
|  552 | 
|  553 | 
|  554 | 
|  555 | 
|  556 | 
|  557 | 
|  558 | 
|  559 | 
|  560 | 
|  561 | 
|  562 | 
|  563 | 
|  564 | 
|  565 | 
|  566 | 
|  567 | 
|  568 | 
|  569 | 
|  570 | 
|  571 | 
|  572 | 
|  573 | 
|  574 | 
|  575 | 
|  576 | 
|  577 | 
|  578 | 
|  579 | 
|  580 | 
|  581 | 
|  582 | 
|  583 | 
|  584 | 
|  587 | 
|  589 | 
|  590 | 
|  591 | 
|  592 | 
|  593 | 
|  594 | 
|  595 | 
|  596 | 
|  597 | 
|  598 | 
|  599 | 
|  600 | 
|  601 | 
|  602 | 
|  603 | 
|  604 | 
|  605 | 
|  606 | 
|  607 | 
|  608 | 
|  609 | 
|  610 | 
|  611 | 
|  612 | 
|  613 | 
|  614 | 
|  615 | 
|  616 | 
|  617 | 
|  618 | 
|  619 | 
|  620 | 
|  621 | 
|  622 | 
|  623 | 
|  624 | 
|  625 | 
|  627 | 
|  628 | 
|  629 | 
|  630 | 
|  631 | 
|  634 | 
|  635 | 
|  636 | 
|  637 | 
|  638 | 
|  640 | 
|  641 | 
|  642 | 
|  643 | 
|  644 | 
|  645 | 
|  646 | 
|  647 | 
|  648 | 
|  649 | 
|  650 | 
|  651 | 
|  652 | 
|  653 | 
|  654 | 
|  655 | 
|  656 | 
|  657 | 
|  658 | 
|  659 | 
|  660 | 
|  663 | 
|  664 | 
|  665 | 
|  667 | 
|  670 | 
|  671 | 
|  672 | 
|  673 | 
|  674 | 
|  675 | 
|  676 | 
|  679 | 
|  680 | 
|  681 | 
|  682 | 
|  683 | 
|  686 | 
|  687 | 
|  688 | 
|  689 | 
|  690 | 
|  691 | 
|  692 | 
|  693 | 
|  694 | 
|  695 | 
|  696 | 
|  697 | 
|  698 | 
|  699 | 
|  700 | 
|  701 | 
|  702 | 
|  703 | 
|  704 | 
|  705 | 
|  706 | 
|  707 | 
|  709 | 
|  710 | 
|  712 | 
|  713 | 
|  714 | 
|  715 | 
|  717 | 
|  718 | 
|  719 | 
|  720 | 
|  721 | 
|  722 | 
|  723 | 
|  724 | 
|  725 | 
|  726 | 
|  727 | 
|  728 | 
|  729 | 
|  730 | 
|  732 | 
|  734 | 
|  735 | 
|  736 | 
|  737 | 
|  738 | 
|  739 | 
|  740 | 
|  741 | 
|  742 | 
|  743 | 
|  744 | 
|  746 | 
|  747 | 
|  748 | 
|  749 | 
|  750 | 
|  751 | 
|  752 | 
|  753 | 
|  754 | 
|  755 | 
|  756 | 
|  757 | 
|  758 | 
|  759 | 
|  760 | 
|  761 | 
|  762 | 
|  763 | 
|  764 | 
|  765 | 
|  766 | 
|  767 | 
|  768 | 
|  769 | 
|  770 | 
|  771 | 
|  772 | 
|  773 | 
|  774 | 
|  775 | 
|  776 | 
|  777 | 
|  778 | 
|  779 | 
|  780 | 
|  781 | 
|  782 | 
|  783 | 
|  784 | 
|  785 | 
|  786 | 
|  787 | 
|  788 | 
|  789 | 
|  790 | 
|  791 | 
|  792 | 
|  793 | 
|  794 | 
|  795 | 
|  796 | 
|  797 | 
|  798 | 
|  799 | 
|  800 | 
|  801 | 
|  802 | 
|  803 | 
|  804 | 
|  805 | 
|  806 | 
|  807 | 
|  808 | 
|  809 | 
|  810 | 
|  811 | 
|  812 | 
|  813 | 
|  814 | 
|  816 | 
|  817 | 
|  818 | 
|  819 | 
|  820 | 
|  821 | 
|  822 | 
|  823 | 
|  824 | 
|  825 | 
|  826 | 
|  827 | 
|  828 | 
|  829 | 
|  830 | 
|  831 | 
|  832 | 
|  833 | 
|  834 | 
|  835 | 
|  836 | 
|  837 | 
|  838 | 
|  839 | 
|  840 | 
|  841 | 
|  842 | 
|  843 | 
|  844 | 
|  845 | 
|  846 | 
|  847 | 
|  848 | 
|  849 | 
|  850 | 
|  851 | 
|  852 | 
|  853 | 
|  854 | 
|  855 | 
|  856 | 
|  857 | 
|  858 | 
|  859 | 
|  860 | 
|  861 | 
|  862 | 
|  864 | 
|  865 | 
|  866 | 
|  867 | 
|  868 | 
|  869 | 
|  870 | 
|  871 | 
|  872 | 
|  873 | 
|  875 | 
|  876 | 
|  877 | 
|  878 | 
|  879 | 
|  880 | 
|  881 | 
|  882 | 
|  883 | 
|  884 | 
|  885 | 
|  886 | 
|  887 | 
|  888 | 
|  889 | 
|  890 | 
|  891 | 
|  892 | 
|  893 | 
|  894 | 
|  895 | 
|  896 | 
|  897 | 
|  898 | 
|  899 | 
|  900 | 
|  901 | 
|  902 | 
|  903 | 
|  904 | 
|  905 | 
|  906 | 
|  907 | 
|  908 | 
|  909 | 
|  910 | 
|  912 | 
|  913 | 
|  915 | 
|  916 | 
|  917 | 
|  918 | 
|  919 | 
|  920 | 
|  921 | 
|  922 | 
|  923 | 
|  924 | 
|  925 | 
|  926 | 
|  930 | 
|  931 | 
|  932 | 
|  933 | 
|  934 | 
|  935 | 
|  936 | 
|  937 | 
|  938 | 
|  939 | 
|  940 | 
|  941 | 
|  942 | 
|  943 | 
|  944 | 
|  945 | 
|  946 | 
|  947 | 
|  948 | 
|  949 | 
|  951 | 
|  952 | 
|  953 | 
|  954 | 
|  956 | 
|  957 | 
|  958 | 
|  959 | 
|  962 | 
|  964 | 
|  965 | 
|  966 | 
|  970 | 
|  971 | 
|  972 | 
|  973 | 
|  974 | 
|  975 | 
|  976 | 
|  977 | 
|  978 | 
|  979 | 
|  980 | 
|  981 | 
|  983 | 
|  984 | 
|  985 | 
|  987 | 
|  989 | 
|  990 | 
|  991 | 
|  992 | 
|  993 | 
|  994 | 
|  995 | 
|  996 | 
|  997 | 
|  998 | 
| 1000 | 
| 1001 | 
| 1003 | 
| 1004 | 
| 1005 | 
| 1008 | 
| 1009 | 
| 1010 | 
| 1011 | 
| 1015 | 
| 1016 | 
| 1017 | 
| 1018 | 
| 1019 | 
| 1020 | 
| 1021 | 
| 1022 | 
| 1024 | 
| 1026 | 
| 1027 | 
| 1028 | 
| 1029 | 
| 1030 | 
| 1031 | 
| 1032 | 
| 1033 | 
| 1034 | 
| 1035 | 
| 1036 | 
| 1037 | 
| 1038 | 
| 1039 | 
| 1040 | 
| 1041 | 
| 1042 | 
| 1045 | 
| 1046 | 
| 1047 | 
| 1048 | 
| 1049 | 
| 1051 | 
| 1052 | 
| 1053 | 
| 1054 | 
| 1056 | 
| 1059 | 
| 1060 | 
| 1061 | 
| 1063 | 
| 1064 | 
| 1065 | 
| 1066 | 
| 1067 | 
| 1068 | 
| 1069 | 
| 1070 | 
| 1071 | 
| 1072 | 
| 1073 | 
| 1075 | 
| 1076 | 
| 1077 | 
| 1079 | 
| 1080 | 
| 1081 | 
| 1082 | 
| 1083 | 
| 1084 | 
| 1085 | 
| 1086 | 
| 1087 | 
| 1088 | 
| 1089 | 
| 1090 | 
| 1091 | 
| 1092 | 
| 1093 | 
| 1094 | 
| 1095 | 
| 1096 | 
| 1097 | 
| 1098 | 
| 1099 | 
| 1100 | 
| 1101 | 
| 1102 | 
| 1103 | 
| 1104 | 
| 1105 | 
| 1106 | 
| 1107 | 
| 1108 | 
| 1109 | 
| 1110 | 
| 1111 | 
| 1112 | 
| 1113 | 
| 1114 | 
| 1115 | 
| 1116 | 
| 1117 | 
| 1119 | 
| 1120 | 
| 1121 | 
| 1122 | 
| 1123 | 
| 1124 | 
| 1125 | 
| 1126 | 
| 1127 | 
| 1128 | 
| 1129 | 
| 1130 | 
| 1131 | 
| 1132 | 
| 1133 | 
| 1134 | 
| 1135 | 
| 1136 | 
| 1137 | 
| 1138 | 
| 1139 | 
| 1140 | 
| 1141 | 
| 1142 | 
| 1143 | 
| 1144 | 
| 1145 | 
| 1146 | 
| 1147 | 
| 1148 | 
| 1149 | 
| 1150 | 
| 1151 | 
| 1152 | 
| 1153 | 
| 1154 | 
| 1155 | 
| 1157 | 
| 1158 | 
| 1159 | 
| 1160 | 
| 1161 | 
| 1162 | 
| 1163 | 
| 1164 | 
| 1165 | 
| 1166 | 
| 1167 | 
| 1168 | 
| 1169 | 
| 1170 | 
| 1171 | 
| 1172 | 
| 1173 | 
| 1174 | 
| 1175 | 
| 1176 | 
| 1177 | 
| 1178 | 
| 1179 | 
| 1180 | 
| 1181 | 
| 1182 | 
| 1183 | 
| 1184 | 
| 1185 | 
| 1186 | 
| 1187 | 
| 1188 | 
| 1189 | 
| 1190 | 
| 1191 | 
| 1192 | 
| 1193 | 
| 1194 | 
| 1195 | 
| 1196 | 
| 1197 | 
| 1198 | 
| 1199 | 
| 1200 | 
| 1201 | 
| 1202 | 
| 1203 | 
| 1204 | 
| 1205 | 
| 1206 | 
| 1207 | 
| 1208 | 
| 1209 | 
| 1210 | 
| 1211 | 
| 1212 | 
| 1213 | 
| 1214 | 
| 1215 | 
| 1216 | 
| 1217 | 
| 1218 | 
| 1219 | 
| 1220 | 
| 1221 | 
| 1222 | 
| 1224 | 
| 1226 | 
| 1227 | 
| 1228 | 
| 1229 | 
| 1230 | 
| 1232 | 
| 1233 | 
| 1234 | 
| 1236 | 
| 1237 | 
| 1238 | 
| 1239 | 
| 1240 | 
| 1241 | 
| 1242 | 
| 1243 | 
| 1244 | 
| 1245 | 
| 1247 | 
| 1248 | 
| 1249 | 
| 1250 | 
| 1251 | 
| 1252 | 
| 1253 | 
| 1254 | 
| 1255 | 
| 1256 | 
| 1257 | 
| 1258 | 
| 1259 | 
| 1260 | 
| 1261 | 
| 1262 | 
| 1263 | 
| 1264 | 
| 1265 | 
| 1266 | 
| 1267 | 
| 1268 | 
| 1269 | 
| 1270 | 
| 1271 | 
| 1272 | 
| 1273 | 
| 1274 | 
| 1275 | 
| 1276 | 
| 1277 | 
| 1278 | 
| 1279 | 
| 1280 | 
| 1281 | 
| 1282 | 
| 1283 | 
| 1284 | 
| 1285 | 
| 1286 | 
| 1287 | 
| 1288 | 
| 1290 | 
| 1291 | 
| 1292 | 
| 1293 | 
| 1294 | 
| 1295 | 
| 1296 | 
| 1297 | 
| 1298 | 
| 1299 | 
| 1300 | 
| 1301 | 
| 1302 | 
| 1303 | 
| 1304 | 
| 1305 | 
| 1306 | 
| 1307 | 
| 1308 | 
| 1309 | 
| 1310 | 
| 1311 | 
| 1312 | 
| 1313 | 
| 1314 | 
| 1315 | 
| 1316 | 
| 1317 | 
| 1318 | 
| 1319 | 
| 1320 | 
| 1321 | 
| 1322 | 
| 1323 | 
| 1324 | 
| 1325 | 
| 1326 | 
| 1327 | 
| 1328 | 
| 1329 | 
| 1330 | 
| 1331 | 
| 1332 | 
| 1333 | 
| 1334 | 
| 1335 | 
| 1336 | 
| 1337 | 
| 1338 | 
| 1339 | 
| 1340 | 
| 1341 | 
| 1342 | 
| 1343 | 
| 1344 | 
| 1345 | 
| 1346 | 
| 1347 | 
| 1348 | 
| 1349 | 
| 1350 | 
| 1351 | 
| 1352 | 
| 1353 | 
| 1354 | 
| 1355 | 
| 1356 | 
| 1357 | 
| 1358 | 
| 1359 | 
| 1360 | 
| 1361 | 
| 1362 | 
| 1363 | 
+------+
1136 rows in set (0.01 sec)

mysql> use unilang;
Reading table information for completion of table and column names
You can turn off this feature to get a quicker startup with -A

Database changed
mysql> 